// Jest Snapshot v1, https://goo.gl/fbAQLP

exports[`test CountUI snapshot test 1`] = `
<div>
  <p>
    count: 
    1
  </p>
  <button
    onClick={[Function]}
  >
    click
  </button>
</div>
`;

exports[`test CountUI snapshot test when loading 1`] = `
<p>
  loading...
</p>
`;

exports[`test CountView snapshot test 1`] = `
<CountUI
  count={1}
  loading={false}
  onClick={[Function]}
/>
`;
